app/(main)/page.tsx(8,25): error TS2306: File 'D:/appdevify/projects/slack-clone/components/sidebar.tsx' is not a module.
app/(main)/page.tsx(9,27): error TS2306: File 'D:/appdevify/projects/slack-clone/components/chat-panel.tsx' is not a module.
app/server/inner.tsx(9,35): error TS2551: Property 'myFunctions' does not exist on type '{ auth: { getCurrentUser: FunctionReference<"query", "public", {}, { _id: Id<"user">; _creationTime: number; image?: string | null | undefined; userId?: string | null | undefined; twoFactorEnabled?: boolean | ... 1 more ... | undefined; ... 9 more ...; name: string; }, string | undefined>; }; functions: { ...; }; }'. Did you mean 'functions'?
app/server/inner.tsx(12,37): error TS2551: Property 'myFunctions' does not exist on type '{ auth: { getCurrentUser: FunctionReference<"query", "public", {}, { _id: Id<"user">; _creationTime: number; image?: string | null | undefined; userId?: string | null | undefined; twoFactorEnabled?: boolean | ... 1 more ... | undefined; ... 9 more ...; name: string; }, string | undefined>; }; functions: { ...; }; }'. Did you mean 'functions'?
app/server/page.tsx(7,44): error TS2551: Property 'myFunctions' does not exist on type '{ auth: { getCurrentUser: FunctionReference<"query", "public", {}, { _id: Id<"user">; _creationTime: number; image?: string | null | undefined; userId?: string | null | undefined; twoFactorEnabled?: boolean | ... 1 more ... | undefined; ... 9 more ...; name: string; }, string | undefined>; }; functions: { ...; }; }'. Did you mean 'functions'?
